using cached prepared manifest
staged 256 condition-instances
fpocket batch done in 295s
  fpocket ok 256/256
  p2rank 25/256 rc=0 5.25s ok=True
  p2rank 50/256 rc=0 4.3s ok=True
  p2rank 75/256 rc=0 5.24s ok=True
  p2rank 100/256 rc=0 4.33s ok=True
  p2rank 125/256 rc=0 4.85s ok=True
  p2rank 150/256 rc=0 4.33s ok=True
  p2rank 175/256 rc=0 5.24s ok=True
  p2rank 200/256 rc=0 4.55s ok=True
  p2rank 225/256 rc=0 4.71s ok=True
  p2rank 250/256 rc=0 4.76s ok=True
  p2rank ok 256/256
protocol freeze: v1.3 CONFIRMATORY FREEZE  sha256(PROTOCOL.md)=6000af5dfa1662e9...  variant=ions
confirmatory structures: 128
prepared 128/128
runs 512 (expected 512)
  p2rank   ORIGINAL : 128/128
  p2rank   REMOVED  : 128/128
  fpocket  ORIGINAL : 128/128
  fpocket  REMOVED  : 128/128
classified 7652 pockets
reference-site coverage: 60/128 = 46.9%
