###JOB 4N6H_A_ORIGINAL
###RC 4N6H_A_ORIGINAL 0 1.091361275
###JOB 4N6H_A_REMOVED
###RC 4N6H_A_REMOVED 0 .845721053
###JOB 9JRT_A_ORIGINAL
###RC 9JRT_A_ORIGINAL 0 .963785859
###JOB 9JRT_A_REMOVED
###RC 9JRT_A_REMOVED 0 .647229279
###JOB 7ZL9_A_ORIGINAL
###RC 7ZL9_A_ORIGINAL 0 1.068696723
###JOB 7ZL9_A_REMOVED
###RC 7ZL9_A_REMOVED 0 .761398368
###JOB 4Z35_A_ORIGINAL
###RC 4Z35_A_ORIGINAL 0 1.032117465
###JOB 4Z35_A_REMOVED
###RC 4Z35_A_REMOVED 0 .723361718
###JOB 4JKV_A_ORIGINAL
###RC 4JKV_A_ORIGINAL 0 1.153191062
###JOB 4JKV_A_REMOVED
###RC 4JKV_A_REMOVED 0 .886578336
###JOB 7YXA_A_ORIGINAL
###RC 7YXA_A_ORIGINAL 0 1.032882879
###JOB 7YXA_A_REMOVED
###RC 7YXA_A_REMOVED 0 .736626062
###JOB 6RZ7_A_ORIGINAL
###RC 6RZ7_A_ORIGINAL 0 .915165182
###JOB 6RZ7_A_REMOVED
###RC 6RZ7_A_REMOVED 0 .656039183
###JOB 6RZ4_A_ORIGINAL
###RC 6RZ4_A_ORIGINAL 0 1.066496080
###JOB 6RZ4_A_REMOVED
###RC 6RZ4_A_REMOVED 0 .750396842
###JOB 6CM4_A_ORIGINAL
###RC 6CM4_A_ORIGINAL 0 1.042967663
###JOB 6CM4_A_REMOVED
###RC 6CM4_A_REMOVED 0 .634606263
###JOB 5ZBQ_A_ORIGINAL
###RC 5ZBQ_A_ORIGINAL 0 1.337574108
###JOB 5ZBQ_A_REMOVED
###RC 5ZBQ_A_REMOVED 0 .814744349
###JOB 4DJH_A_ORIGINAL
###RC 4DJH_A_ORIGINAL 0 1.136463177
###JOB 4DJH_A_REMOVED
###RC 4DJH_A_REMOVED 0 .782422512
###JOB 3ODU_A_ORIGINAL
###RC 3ODU_A_ORIGINAL 0 1.329508566
###JOB 3ODU_A_REMOVED
###RC 3ODU_A_REMOVED 0 .786464589
###JOB 6A73_A_ORIGINAL
###RC 6A73_A_ORIGINAL 0 .675430743
###JOB 6A73_A_REMOVED
###RC 6A73_A_REMOVED 0 .357215731
###JOB 5YQR_A_ORIGINAL
###RC 5YQR_A_ORIGINAL 0 .624557454
###JOB 5YQR_A_REMOVED
###RC 5YQR_A_REMOVED 0 .289988609
###JOB 6WSK_A_ORIGINAL
###RC 6WSK_A_ORIGINAL 0 .851618528
###JOB 6WSK_A_REMOVED
###RC 6WSK_A_REMOVED 0 .405363304
###JOB 6BG3_A_ORIGINAL
###RC 6BG3_A_ORIGINAL 0 .968656561
###JOB 6BG3_A_REMOVED
###RC 6BG3_A_REMOVED 0 .512071855
###JOB 5AZA_A_ORIGINAL
###RC 5AZA_A_ORIGINAL 0 2.592952711
###JOB 5AZA_A_REMOVED
###RC 5AZA_A_REMOVED 0 1.089946850
###JOB 7UAJ_A_ORIGINAL
###RC 7UAJ_A_ORIGINAL 0 1.300650525
###JOB 7UAJ_A_REMOVED
###RC 7UAJ_A_REMOVED 0 .369921938
###JOB 5K94_A_ORIGINAL
###RC 5K94_A_ORIGINAL 0 1.233330920
###JOB 5K94_A_REMOVED
###RC 5K94_A_REMOVED 0 .368229500
###JOB 3OAI_A_ORIGINAL
###RC 3OAI_A_ORIGINAL 0 -.733114515
###JOB 3OAI_A_REMOVED
###RC 3OAI_A_REMOVED 0 .278542092
###JOB 5H7Q_A_ORIGINAL
###RC 5H7Q_A_ORIGINAL 0 1.142780914
###JOB 5H7Q_A_REMOVED
###RC 5H7Q_A_REMOVED 0 .237754659
###JOB 3N94_A_ORIGINAL
###RC 3N94_A_ORIGINAL 0 1.142295780
###JOB 3N94_A_REMOVED
###RC 3N94_A_REMOVED 0 .228569515
###JOB 5JQE_A_ORIGINAL
###RC 5JQE_A_ORIGINAL 0 1.407946501
###JOB 5JQE_A_REMOVED
###RC 5JQE_A_REMOVED 0 .453641528
###JOB 5GPP_A_ORIGINAL
###RC 5GPP_A_ORIGINAL 0 1.199034794
###JOB 5GPP_A_REMOVED
###RC 5GPP_A_REMOVED 0 .203149786

===STDERR===
